// Jest Snapshot v1, https://goo.gl/fbAQLP

exports[`<ModalDialog/> renders correctly 1`] = `ShallowWrapper {}`;
